Analysis & Synthesis report for ULA
Thu Apr 18 14:28:08 2019
Quartus II Version 9.1 Build 350 03/24/2010 Service Pack 2 SJ Web Edition


---------------------
; Table of Contents ;
---------------------
  1. Legal Notice
  2. Analysis & Synthesis Summary
  3. Analysis & Synthesis Settings
  4. Parallel Compilation
  5. Analysis & Synthesis Source Files Read
  6. Analysis & Synthesis Resource Usage Summary
  7. Analysis & Synthesis Resource Utilization by Entity
  8. General Register Statistics
  9. Analysis & Synthesis Messages



----------------
; Legal Notice ;
----------------
Copyright (C) 1991-2010 Altera Corporation
Your use of Altera Corporation's design tools, logic functions 
and other software and tools, and its AMPP partner logic 
functions, and any output files from any of the foregoing 
(including device programming or simulation files), and any 
associated documentation or information are expressly subject 
to the terms and conditions of the Altera Program License 
Subscription Agreement, Altera MegaCore Function License 
Agreement, or other applicable license agreement, including, 
without limitation, that your use is for the sole purpose of 
programming logic devices manufactured by Altera and sold by 
Altera or its authorized distributors.  Please refer to the 
applicable agreement for further details.



+------------------------------------------------------------------------------+
; Analysis & Synthesis Summary                                                 ;
+-------------------------------+----------------------------------------------+
; Analysis & Synthesis Status   ; Successful - Thu Apr 18 14:28:08 2019        ;
; Quartus II Version            ; 9.1 Build 350 03/24/2010 SP 2 SJ Web Edition ;
; Revision Name                 ; ULA                                          ;
; Top-level Entity Name         ; ULA                                          ;
; Family                        ; Stratix II                                   ;
; Logic utilization             ; N/A                                          ;
;     Combinational ALUTs       ; 35                                           ;
;     Dedicated logic registers ; 0                                            ;
; Total registers               ; 0                                            ;
; Total pins                    ; 31                                           ;
; Total virtual pins            ; 0                                            ;
; Total block memory bits       ; 0                                            ;
; DSP block 9-bit elements      ; 0                                            ;
; Total PLLs                    ; 0                                            ;
; Total DLLs                    ; 0                                            ;
+-------------------------------+----------------------------------------------+


+----------------------------------------------------------------------------------------------------------------------+
; Analysis & Synthesis Settings                                                                                        ;
+----------------------------------------------------------------------------+--------------------+--------------------+
; Option                                                                     ; Setting            ; Default Value      ;
+----------------------------------------------------------------------------+--------------------+--------------------+
; Top-level entity name                                                      ; ULA                ; ULA                ;
; Family name                                                                ; Stratix II         ; Stratix II         ;
; Use Generated Physical Constraints File                                    ; Off                ;                    ;
; Use smart compilation                                                      ; Off                ; Off                ;
; Enable parallel Assembler and TimeQuest Timing Analyzer during compilation ; On                 ; On                 ;
; Enable compact report table                                                ; Off                ; Off                ;
; Restructure Multiplexers                                                   ; Auto               ; Auto               ;
; Create Debugging Nodes for IP Cores                                        ; Off                ; Off                ;
; Preserve fewer node names                                                  ; On                 ; On                 ;
; Disable OpenCore Plus hardware evaluation                                  ; Off                ; Off                ;
; Verilog Version                                                            ; Verilog_2001       ; Verilog_2001       ;
; VHDL Version                                                               ; VHDL_1993          ; VHDL_1993          ;
; State Machine Processing                                                   ; Auto               ; Auto               ;
; Safe State Machine                                                         ; Off                ; Off                ;
; Extract Verilog State Machines                                             ; On                 ; On                 ;
; Extract VHDL State Machines                                                ; On                 ; On                 ;
; Ignore Verilog initial constructs                                          ; Off                ; Off                ;
; Iteration limit for constant Verilog loops                                 ; 5000               ; 5000               ;
; Iteration limit for non-constant Verilog loops                             ; 250                ; 250                ;
; Add Pass-Through Logic to Inferred RAMs                                    ; On                 ; On                 ;
; Parallel Synthesis                                                         ; On                 ; On                 ;
; DSP Block Balancing                                                        ; Auto               ; Auto               ;
; NOT Gate Push-Back                                                         ; On                 ; On                 ;
; Power-Up Don't Care                                                        ; On                 ; On                 ;
; Remove Redundant Logic Cells                                               ; Off                ; Off                ;
; Remove Duplicate Registers                                                 ; On                 ; On                 ;
; Ignore CARRY Buffers                                                       ; Off                ; Off                ;
; Ignore CASCADE Buffers                                                     ; Off                ; Off                ;
; Ignore GLOBAL Buffers                                                      ; Off                ; Off                ;
; Ignore ROW GLOBAL Buffers                                                  ; Off                ; Off                ;
; Ignore LCELL Buffers                                                       ; Off                ; Off                ;
; Ignore SOFT Buffers                                                        ; On                 ; On                 ;
; Limit AHDL Integers to 32 Bits                                             ; Off                ; Off                ;
; Optimization Technique                                                     ; Balanced           ; Balanced           ;
; Carry Chain Length                                                         ; 70                 ; 70                 ;
; Auto Carry Chains                                                          ; On                 ; On                 ;
; Auto Open-Drain Pins                                                       ; On                 ; On                 ;
; Perform WYSIWYG Primitive Resynthesis                                      ; Off                ; Off                ;
; Auto ROM Replacement                                                       ; On                 ; On                 ;
; Auto RAM Replacement                                                       ; On                 ; On                 ;
; Auto DSP Block Replacement                                                 ; On                 ; On                 ;
; Auto Shift Register Replacement                                            ; Auto               ; Auto               ;
; Auto Clock Enable Replacement                                              ; On                 ; On                 ;
; Strict RAM Replacement                                                     ; Off                ; Off                ;
; Allow Synchronous Control Signals                                          ; On                 ; On                 ;
; Force Use of Synchronous Clear Signals                                     ; Off                ; Off                ;
; Auto RAM Block Balancing                                                   ; On                 ; On                 ;
; Auto RAM to Logic Cell Conversion                                          ; Off                ; Off                ;
; Auto Resource Sharing                                                      ; Off                ; Off                ;
; Allow Any RAM Size For Recognition                                         ; Off                ; Off                ;
; Allow Any ROM Size For Recognition                                         ; Off                ; Off                ;
; Allow Any Shift Register Size For Recognition                              ; Off                ; Off                ;
; Use LogicLock Constraints during Resource Balancing                        ; On                 ; On                 ;
; Ignore translate_off and synthesis_off directives                          ; Off                ; Off                ;
; Timing-Driven Synthesis                                                    ; Off                ; Off                ;
; Show Parameter Settings Tables in Synthesis Report                         ; On                 ; On                 ;
; Ignore Maximum Fan-Out Assignments                                         ; Off                ; Off                ;
; Synchronization Register Chain Length                                      ; 2                  ; 2                  ;
; PowerPlay Power Optimization                                               ; Normal compilation ; Normal compilation ;
; HDL message level                                                          ; Level2             ; Level2             ;
; Suppress Register Optimization Related Messages                            ; Off                ; Off                ;
; Number of Removed Registers Reported in Synthesis Report                   ; 5000               ; 5000               ;
; Number of Inverted Registers Reported in Synthesis Report                  ; 100                ; 100                ;
; Clock MUX Protection                                                       ; On                 ; On                 ;
; Auto Gated Clock Conversion                                                ; Off                ; Off                ;
; Block Design Naming                                                        ; Auto               ; Auto               ;
; SDC constraint protection                                                  ; Off                ; Off                ;
; Synthesis Effort                                                           ; Auto               ; Auto               ;
; Shift Register Replacement - Allow Asynchronous Clear Signal               ; On                 ; On                 ;
; Analysis & Synthesis Message Level                                         ; Medium             ; Medium             ;
; Disable Register Merging Across Hierarchies                                ; Auto               ; Auto               ;
; Resource Aware Inference For Block RAM                                     ; On                 ; On                 ;
+----------------------------------------------------------------------------+--------------------+--------------------+


Parallel compilation was disabled, but you have multiple processors available. Enable parallel compilation to reduce compilation time.
+-------------------------------------+
; Parallel Compilation                ;
+----------------------------+--------+
; Processors                 ; Number ;
+----------------------------+--------+
; Number detected on machine ; 4      ;
; Maximum allowed            ; 1      ;
+----------------------------+--------+


+-------------------------------------------------------------------------------------------------------------------------------------------------------------------------------------------------+
; Analysis & Synthesis Source Files Read                                                                                                                                                          ;
+----------------------------------+-----------------+------------------------------------+-------------------------------------------------------------------------------------------------------+
; File Name with User-Entered Path ; Used in Netlist ; File Type                          ; File Name with Absolute Path                                                                          ;
+----------------------------------+-----------------+------------------------------------+-------------------------------------------------------------------------------------------------------+
; adder.bdf                        ; yes             ; User Block Diagram/Schematic File  ; C:/Users/igors/OneDrive/Área de Trabalho/CC/2 Período/projetoSD/igor/quartus/adder.bdf                ;
; fulladder.bdf                    ; yes             ; User Block Diagram/Schematic File  ; C:/Users/igors/OneDrive/Área de Trabalho/CC/2 Período/projetoSD/igor/quartus/fulladder.bdf            ;
; subtracter.bdf                   ; yes             ; User Block Diagram/Schematic File  ; C:/Users/igors/OneDrive/Área de Trabalho/CC/2 Período/projetoSD/igor/quartus/subtracter.bdf           ;
; C2B.bdf                          ; yes             ; User Block Diagram/Schematic File  ; C:/Users/igors/OneDrive/Área de Trabalho/CC/2 Período/projetoSD/igor/quartus/C2B.bdf                  ;
; AandB.bdf                        ; yes             ; User Block Diagram/Schematic File  ; C:/Users/igors/OneDrive/Área de Trabalho/CC/2 Período/projetoSD/igor/quartus/AandB.bdf                ;
; comparadorBitSignif.bdf          ; yes             ; User Block Diagram/Schematic File  ; C:/Users/igors/OneDrive/Área de Trabalho/CC/2 Período/projetoSD/igor/quartus/comparadorBitSignif.bdf  ;
; comparadorBit-Bit.bdf            ; yes             ; User Block Diagram/Schematic File  ; C:/Users/igors/OneDrive/Área de Trabalho/CC/2 Período/projetoSD/igor/quartus/comparadorBit-Bit.bdf    ;
; maiorQueDiferenciado.bdf         ; yes             ; User Block Diagram/Schematic File  ; C:/Users/igors/OneDrive/Área de Trabalho/CC/2 Período/projetoSD/igor/quartus/maiorQueDiferenciado.bdf ;
; menorque.bdf                     ; yes             ; User Block Diagram/Schematic File  ; C:/Users/igors/OneDrive/Área de Trabalho/CC/2 Período/projetoSD/igor/quartus/menorque.bdf             ;
; igual.bdf                        ; yes             ; User Block Diagram/Schematic File  ; C:/Users/igors/OneDrive/Área de Trabalho/CC/2 Período/projetoSD/igor/quartus/igual.bdf                ;
; mux2.bdf                         ; yes             ; User Block Diagram/Schematic File  ; C:/Users/igors/OneDrive/Área de Trabalho/CC/2 Período/projetoSD/igor/quartus/mux2.bdf                 ;
; mux3.bdf                         ; yes             ; User Block Diagram/Schematic File  ; C:/Users/igors/OneDrive/Área de Trabalho/CC/2 Período/projetoSD/igor/quartus/mux3.bdf                 ;
; mux5.bdf                         ; yes             ; User Block Diagram/Schematic File  ; C:/Users/igors/OneDrive/Área de Trabalho/CC/2 Período/projetoSD/igor/quartus/mux5.bdf                 ;
; ULA.bdf                          ; yes             ; User Block Diagram/Schematic File  ; C:/Users/igors/OneDrive/Área de Trabalho/CC/2 Período/projetoSD/igor/quartus/ULA.bdf                  ;
; DisplayULA.bdf                   ; yes             ; User Block Diagram/Schematic File  ; C:/Users/igors/OneDrive/Área de Trabalho/CC/2 Período/projetoSD/igor/quartus/DisplayULA.bdf           ;
; Display2ULA.bdf                  ; yes             ; User Block Diagram/Schematic File  ; C:/Users/igors/OneDrive/Área de Trabalho/CC/2 Período/projetoSD/igor/quartus/Display2ULA.bdf          ;
; AxorB.bdf                        ; yes             ; User Block Diagram/Schematic File  ; C:/Users/igors/OneDrive/Área de Trabalho/CC/2 Período/projetoSD/igor/quartus/AxorB.bdf                ;
; bloconovo.bdf                    ; yes             ; User Block Diagram/Schematic File  ; C:/Users/igors/OneDrive/Área de Trabalho/CC/2 Período/projetoSD/igor/quartus/bloconovo.bdf            ;
+----------------------------------+-----------------+------------------------------------+-------------------------------------------------------------------------------------------------------+


+-------------------------------------------------------+
; Analysis & Synthesis Resource Usage Summary           ;
+-----------------------------------------------+-------+
; Resource                                      ; Usage ;
+-----------------------------------------------+-------+
; Estimated ALUTs Used                          ; 35    ;
; Dedicated logic registers                     ; 0     ;
;                                               ;       ;
; Estimated ALUTs Unavailable                   ; 13    ;
;                                               ;       ;
; Total combinational functions                 ; 35    ;
; Combinational ALUT usage by number of inputs  ;       ;
;     -- 7 input functions                      ; 1     ;
;     -- 6 input functions                      ; 12    ;
;     -- 5 input functions                      ; 4     ;
;     -- 4 input functions                      ; 10    ;
;     -- <=3 input functions                    ; 8     ;
;                                               ;       ;
; Combinational ALUTs by mode                   ;       ;
;     -- normal mode                            ; 34    ;
;     -- extended LUT mode                      ; 1     ;
;     -- arithmetic mode                        ; 0     ;
;     -- shared arithmetic mode                 ; 0     ;
;                                               ;       ;
; Estimated ALUT/register pairs used            ; 48    ;
;                                               ;       ;
; Total registers                               ; 0     ;
;     -- Dedicated logic registers              ; 0     ;
;     -- I/O registers                          ; 0     ;
;                                               ;       ;
; Estimated ALMs:  partially or completely used ; 24    ;
;                                               ;       ;
; I/O pins                                      ; 31    ;
; Maximum fan-out node                          ; B[0]  ;
; Maximum fan-out                               ; 12    ;
; Total fan-out                                 ; 174   ;
; Average fan-out                               ; 2.64  ;
+-----------------------------------------------+-------+


+----------------------------------------------------------------------------------------------------------------------------------------------------------------------------------------------------------------------------+
; Analysis & Synthesis Resource Utilization by Entity                                                                                                                                                                        ;
+----------------------------+-------------------+--------------+-------------------+--------------+---------+-----------+-----------+------+--------------+--------------------------------------------------+--------------+
; Compilation Hierarchy Node ; LC Combinationals ; LC Registers ; Block Memory Bits ; DSP Elements ; DSP 9x9 ; DSP 18x18 ; DSP 36x36 ; Pins ; Virtual Pins ; Full Hierarchy Name                              ; Library Name ;
+----------------------------+-------------------+--------------+-------------------+--------------+---------+-----------+-----------+------+--------------+--------------------------------------------------+--------------+
; |ULA                       ; 35 (0)            ; 0 (0)        ; 0                 ; 0            ; 0       ; 0         ; 0         ; 31   ; 0            ; |ULA                                             ; work         ;
;    |AandB:inst3|           ; 1 (1)             ; 0 (0)        ; 0                 ; 0            ; 0       ; 0         ; 0         ; 0    ; 0            ; |ULA|AandB:inst3                                 ; work         ;
;    |DisplayULA:inst4|      ; 7 (7)             ; 0 (0)        ; 0                 ; 0            ; 0       ; 0         ; 0         ; 0    ; 0            ; |ULA|DisplayULA:inst4                            ; work         ;
;    |fulladder:inst10|      ; 3 (0)             ; 0 (0)        ; 0                 ; 0            ; 0       ; 0         ; 0         ; 0    ; 0            ; |ULA|fulladder:inst10                            ; work         ;
;       |adder:inst2|        ; 1 (1)             ; 0 (0)        ; 0                 ; 0            ; 0       ; 0         ; 0         ; 0    ; 0            ; |ULA|fulladder:inst10|adder:inst2                ; work         ;
;       |adder:inst3|        ; 1 (1)             ; 0 (0)        ; 0                 ; 0            ; 0       ; 0         ; 0         ; 0    ; 0            ; |ULA|fulladder:inst10|adder:inst3                ; work         ;
;       |adder:inst|         ; 1 (1)             ; 0 (0)        ; 0                 ; 0            ; 0       ; 0         ; 0         ; 0    ; 0            ; |ULA|fulladder:inst10|adder:inst                 ; work         ;
;    |mux3:inst14|           ; 3 (3)             ; 0 (0)        ; 0                 ; 0            ; 0       ; 0         ; 0         ; 0    ; 0            ; |ULA|mux3:inst14                                 ;              ;
;    |mux3:inst|             ; 6 (6)             ; 0 (0)        ; 0                 ; 0            ; 0       ; 0         ; 0         ; 0    ; 0            ; |ULA|mux3:inst                                   ; work         ;
;    |mux5:inst2|            ; 12 (8)            ; 0 (0)        ; 0                 ; 0            ; 0       ; 0         ; 0         ; 0    ; 0            ; |ULA|mux5:inst2                                  ; work         ;
;       |bloconovo:inst1|    ; 3 (3)             ; 0 (0)        ; 0                 ; 0            ; 0       ; 0         ; 0         ; 0    ; 0            ; |ULA|mux5:inst2|bloconovo:inst1                  ; work         ;
;       |bloconovo:inst8|    ; 1 (1)             ; 0 (0)        ; 0                 ; 0            ; 0       ; 0         ; 0         ; 0    ; 0            ; |ULA|mux5:inst2|bloconovo:inst8                  ; work         ;
;    |subtracter:inst8|      ; 3 (0)             ; 0 (0)        ; 0                 ; 0            ; 0       ; 0         ; 0         ; 0    ; 0            ; |ULA|subtracter:inst8                            ; work         ;
;       |C2B:inst|           ; 1 (0)             ; 0 (0)        ; 0                 ; 0            ; 0       ; 0         ; 0         ; 0    ; 0            ; |ULA|subtracter:inst8|C2B:inst                   ; work         ;
;          |adder:inst8|     ; 1 (1)             ; 0 (0)        ; 0                 ; 0            ; 0       ; 0         ; 0         ; 0    ; 0            ; |ULA|subtracter:inst8|C2B:inst|adder:inst8       ; work         ;
;       |fulladder:inst2|    ; 2 (0)             ; 0 (0)        ; 0                 ; 0            ; 0       ; 0         ; 0         ; 0    ; 0            ; |ULA|subtracter:inst8|fulladder:inst2            ; work         ;
;          |adder:inst|      ; 2 (2)             ; 0 (0)        ; 0                 ; 0            ; 0       ; 0         ; 0         ; 0    ; 0            ; |ULA|subtracter:inst8|fulladder:inst2|adder:inst ; work         ;
+----------------------------+-------------------+--------------+-------------------+--------------+---------+-----------+-----------+------+--------------+--------------------------------------------------+--------------+
Note: For table entries with two numbers listed, the numbers in parentheses indicate the number of resources of the given type used by the specific entity alone. The numbers listed outside of parentheses indicate the total resources of the given type used by the specific entity and all of its sub-entities in the hierarchy.


+------------------------------------------------------+
; General Register Statistics                          ;
+----------------------------------------------+-------+
; Statistic                                    ; Value ;
+----------------------------------------------+-------+
; Total registers                              ; 0     ;
; Number of registers using Synchronous Clear  ; 0     ;
; Number of registers using Synchronous Load   ; 0     ;
; Number of registers using Asynchronous Clear ; 0     ;
; Number of registers using Asynchronous Load  ; 0     ;
; Number of registers using Clock Enable       ; 0     ;
; Number of registers using Preset             ; 0     ;
+----------------------------------------------+-------+


+-------------------------------+
; Analysis & Synthesis Messages ;
+-------------------------------+
Info: *******************************************************************
Info: Running Quartus II Analysis & Synthesis
    Info: Version 9.1 Build 350 03/24/2010 Service Pack 2 SJ Web Edition
    Info: Processing started: Thu Apr 18 14:28:06 2019
Info: Command: quartus_map --read_settings_files=on --write_settings_files=off ULA -c ULA
Info: Found 1 design units, including 1 entities, in source file adder.bdf
    Info: Found entity 1: adder
Info: Found 1 design units, including 1 entities, in source file fulladder.bdf
    Info: Found entity 1: fulladder
Info: Found 1 design units, including 1 entities, in source file subtracter.bdf
    Info: Found entity 1: subtracter
Info: Found 1 design units, including 1 entities, in source file c2b.bdf
    Info: Found entity 1: C2B
Info: Found 1 design units, including 1 entities, in source file aandb.bdf
    Info: Found entity 1: AandB
Info: Found 1 design units, including 1 entities, in source file comparadorbitsignif.bdf
    Info: Found entity 1: comparadorBitSignif
Info: Found 1 design units, including 1 entities, in source file comparadorbit-bit.bdf
    Info: Found entity 1: comparadorBit-Bit
Info: Found 1 design units, including 1 entities, in source file maiorquediferenciado.bdf
    Info: Found entity 1: maiorQueDiferenciado
Info: Found 1 design units, including 1 entities, in source file menorque.bdf
    Info: Found entity 1: menorque
Info: Found 1 design units, including 1 entities, in source file igual.bdf
    Info: Found entity 1: igual
Info: Found 1 design units, including 1 entities, in source file mux2.bdf
    Info: Found entity 1: mux2
Info: Found 1 design units, including 1 entities, in source file mux3.bdf
    Info: Found entity 1: mux3
Info: Found 1 design units, including 1 entities, in source file mux5.bdf
    Info: Found entity 1: mux5
Info: Found 1 design units, including 1 entities, in source file ula.bdf
    Info: Found entity 1: ULA
Info: Found 1 design units, including 1 entities, in source file somadorbcd.bdf
    Info: Found entity 1: somadorbcd
Info: Found 1 design units, including 1 entities, in source file displayula.bdf
    Info: Found entity 1: DisplayULA
Info: Found 1 design units, including 1 entities, in source file display2ula.bdf
    Info: Found entity 1: Display2ULA
Info: Found 1 design units, including 1 entities, in source file axorb.bdf
    Info: Found entity 1: AxorB
Info: Found 1 design units, including 1 entities, in source file bloconovo.bdf
    Info: Found entity 1: bloconovo
Info: Elaborating entity "ULA" for the top level hierarchy
Info: Elaborating entity "mux3" for hierarchy "mux3:inst14"
Info: Elaborating entity "fulladder" for hierarchy "fulladder:inst10"
Info: Elaborating entity "adder" for hierarchy "fulladder:inst10|adder:inst2"
Info: Elaborating entity "subtracter" for hierarchy "subtracter:inst8"
Info: Elaborating entity "C2B" for hierarchy "subtracter:inst8|C2B:inst"
Info: Elaborating entity "igual" for hierarchy "igual:inst9"
Info: Elaborating entity "maiorQueDiferenciado" for hierarchy "maiorQueDiferenciado:inst1"
Info: Elaborating entity "comparadorBitSignif" for hierarchy "maiorQueDiferenciado:inst1|comparadorBitSignif:inst10"
Info: Elaborating entity "comparadorBit-Bit" for hierarchy "maiorQueDiferenciado:inst1|comparadorBit-Bit:inst2"
Info: Elaborating entity "menorque" for hierarchy "menorque:inst12"
Info: Elaborating entity "DisplayULA" for hierarchy "DisplayULA:inst4"
Info: Elaborating entity "mux5" for hierarchy "mux5:inst2"
Info: Elaborating entity "bloconovo" for hierarchy "mux5:inst2|bloconovo:inst4"
Info: Elaborating entity "AandB" for hierarchy "AandB:inst3"
Info: Elaborating entity "AxorB" for hierarchy "AxorB:inst6"
Info: Elaborating entity "Display2ULA" for hierarchy "Display2ULA:inst5"
Info: Elaborating entity "mux2" for hierarchy "mux2:inst13"
Warning: Output pins are stuck at VCC or GND
    Warning (13410): Pin "R[6]" is stuck at VCC
    Warning (13410): Pin "R[5]" is stuck at VCC
    Warning (13410): Pin "R[4]" is stuck at VCC
    Warning (13410): Pin "R[3]" is stuck at VCC
    Warning (13410): Pin "R[2]" is stuck at VCC
    Warning (13410): Pin "R[1]" is stuck at VCC
Info: Implemented 66 device resources after synthesis - the final resource count might be different
    Info: Implemented 11 input pins
    Info: Implemented 20 output pins
    Info: Implemented 35 logic cells
Info: Quartus II Analysis & Synthesis was successful. 0 errors, 7 warnings
    Info: Peak virtual memory: 240 megabytes
    Info: Processing ended: Thu Apr 18 14:28:08 2019
    Info: Elapsed time: 00:00:02
    Info: Total CPU time (on all processors): 00:00:02


